// Jest Snapshot v1, https://goo.gl/fbAQLP

exports[`renders correctly 1`] = `
<div
  className="container"
>
  <h2>
    Let\`s do some math!
  </h2>
  <div
    className="calculator"
  >
    <div
      className="screen"
    >
      <input
        className="screen-color"
        readOnly={true}
        type="text"
        value="0"
      />
    </div>
    <div
      className="buttons"
    >
      <div
        className="row-one"
      >
        <input
          className=""
          onClick={[Function]}
          type="button"
          value="AC"
        />
        <input
          className=""
          onClick={[Function]}
          type="button"
          value="+/-"
        />
        <input
          className=""
          onClick={[Function]}
          type="button"
          value="%"
        />
        <input
          className="orange-color"
          onClick={[Function]}
          type="button"
          value="รท"
        />
      </div>
      <div
        className="row-two"
      >
        <input
          className=""
          onClick={[Function]}
          type="button"
          value="7"
        />
        <input
          className=""
          onClick={[Function]}
          type="button"
          value="8"
        />
        <input
          className=""
          onClick={[Function]}
          type="button"
          value="9"
        />
        <input
          className="orange-color"
          onClick={[Function]}
          type="button"
          value="x"
        />
      </div>
      <div
        className="row-three"
      >
        <input
          className=""
          onClick={[Function]}
          type="button"
          value="4"
        />
        <input
          className=""
          onClick={[Function]}
          type="button"
          value="5"
        />
        <input
          className=""
          onClick={[Function]}
          type="button"
          value="6"
        />
        <input
          className="orange-color"
          onClick={[Function]}
          type="button"
          value="-"
        />
      </div>
      <div
        className="row-four"
      >
        <input
          className=""
          onClick={[Function]}
          type="button"
          value="1"
        />
        <input
          className=""
          onClick={[Function]}
          type="button"
          value="2"
        />
        <input
          className=""
          onClick={[Function]}
          type="button"
          value="3"
        />
        <input
          className="orange-color"
          onClick={[Function]}
          type="button"
          value="+"
        />
      </div>
      <div
        className="row-five"
      >
        <input
          className="big"
          onClick={[Function]}
          type="button"
          value="0"
        />
        <input
          className=""
          onClick={[Function]}
          type="button"
          value="."
        />
        <input
          className="orange-color"
          onClick={[Function]}
          type="button"
          value="="
        />
      </div>
    </div>
  </div>
</div>
`;
