// Jest Snapshot v1, https://goo.gl/fbAQLP

exports[`HitTheApi renders correctly 1`] = `
<div
  className="quotation"
>
  <p>
    Loading...
  </p>
</div>
`;
