// Jest Snapshot v1, https://goo.gl/fbAQLP

exports[`Navigation renders correctly 1`] = `
<nav
  className="navigation"
>
  <h1>
    Math Magicians
  </h1>
  <ul
    className="item"
  >
    <li>
      <a
        aria-current="page"
        className="links active"
        href="/"
        onClick={[Function]}
      >
        Home  |
      </a>
    </li>
    <li>
      <a
        className="links"
        href="/calculator"
        onClick={[Function]}
      >
        Calculator  |
      </a>
    </li>
    <li>
      <a
        className="links"
        href="/hittheapi"
        onClick={[Function]}
      >
        Quote  |
      </a>
    </li>
  </ul>
</nav>
`;
